\BOOKMARK [1][-]{section.1}{\376\377\000H\000o\000w\000\040\000t\000o\000\040\000r\000e\000a\000d\000\040\000t\000h\000i\000s\000\040\000r\000e\000p\000o\000r\000t}{}% 1
\BOOKMARK [1][-]{section.2}{\376\377\000P\000a\000r\000t\000\040\000I\000:\000\040\000M\000a\000t\000h\000e\000m\000a\000t\000i\000c\000a\000l\000\040\000f\000o\000u\000n\000d\000a\000t\000i\000o\000n\000s}{}% 2
\BOOKMARK [2][-]{subsection.2.1}{\376\377\000N\000u\000m\000b\000e\000r\000s\000,\000\040\000v\000a\000r\000i\000a\000b\000l\000e\000s\000,\000\040\000f\000u\000n\000c\000t\000i\000o\000n\000s\000,\000\040\000a\000n\000d\000\040\000a\000v\000e\000r\000a\000g\000e\000s}{section.2}% 3
\BOOKMARK [2][-]{subsection.2.2}{\376\377\000F\000u\000n\000c\000t\000i\000o\000n\000s\000\040\000o\000f\000\040\000m\000a\000n\000y\000\040\000v\000a\000r\000i\000a\000b\000l\000e\000s\000\040\000a\000n\000d\000\040\000v\000e\000c\000t\000o\000r\000s}{section.2}% 4
\BOOKMARK [2][-]{subsection.2.3}{\376\377\000P\000o\000w\000e\000r\000s\000,\000\040\000e\000x\000p\000o\000n\000e\000n\000t\000i\000a\000l\000s\000,\000\040\000a\000n\000d\000\040\000l\000o\000g\000a\000r\000i\000t\000h\000m\000s}{section.2}% 5
\BOOKMARK [2][-]{subsection.2.4}{\376\377\000P\000r\000o\000b\000a\000b\000i\000l\000i\000t\000y}{section.2}% 6
\BOOKMARK [2][-]{subsection.2.5}{\376\377\000E\000x\000p\000e\000c\000t\000a\000t\000i\000o\000n}{section.2}% 7
\BOOKMARK [2][-]{subsection.2.6}{\376\377\000S\000a\000m\000p\000l\000i\000n\000g\000\040\000a\000n\000d\000\040\000e\000s\000t\000i\000m\000a\000t\000i\000o\000n}{section.2}% 8
\BOOKMARK [1][-]{section.3}{\376\377\000I\000n\000f\000o\000r\000m\000a\000t\000i\000o\000n\000\040\000t\000h\000e\000o\000r\000y\000\040\000f\000r\000o\000m\000\040\000f\000i\000r\000s\000t\000\040\000p\000r\000i\000n\000c\000i\000p\000l\000e\000s}{}% 9
\BOOKMARK [2][-]{subsection.3.1}{\376\377\000S\000u\000r\000p\000r\000i\000s\000a\000l\000:\000\040\000i\000n\000f\000o\000r\000m\000a\000t\000i\000o\000n\000\040\000c\000a\000r\000r\000i\000e\000d\000\040\000b\000y\000\040\000o\000n\000e\000\040\000e\000v\000e\000n\000t}{section.3}% 10
\BOOKMARK [2][-]{subsection.3.2}{\376\377\000E\000n\000t\000r\000o\000p\000y\000:\000\040\000a\000v\000e\000r\000a\000g\000e\000\040\000u\000n\000c\000e\000r\000t\000a\000i\000n\000t\000y}{section.3}% 11
\BOOKMARK [2][-]{subsection.3.3}{\376\377\000C\000o\000n\000d\000i\000t\000i\000o\000n\000a\000l\000\040\000e\000n\000t\000r\000o\000p\000y\000:\000\040\000u\000n\000c\000e\000r\000t\000a\000i\000n\000t\000y\000\040\000a\000f\000t\000e\000r\000\040\000c\000o\000n\000t\000e\000x\000t\000\040\000i\000s\000\040\000k\000n\000o\000w\000n}{section.3}% 12
\BOOKMARK [2][-]{subsection.3.4}{\376\377\000M\000u\000t\000u\000a\000l\000\040\000i\000n\000f\000o\000r\000m\000a\000t\000i\000o\000n}{section.3}% 13
\BOOKMARK [2][-]{subsection.3.5}{\376\377\000E\000n\000t\000r\000o\000p\000y\000\040\000r\000a\000t\000e\000\040\000o\000f\000\040\000a\000\040\000s\000e\000q\000u\000e\000n\000c\000e}{section.3}% 14
\BOOKMARK [2][-]{subsection.3.6}{\376\377\000C\000r\000o\000s\000s\000-\000e\000n\000t\000r\000o\000p\000y\000:\000\040\000h\000o\000w\000\040\000w\000e\000l\000l\000\040\000a\000\040\000p\000r\000o\000b\000a\000b\000i\000l\000i\000t\000y\000\040\000m\000o\000d\000e\000l\000\040\000p\000r\000e\000d\000i\000c\000t\000s\000\040\000d\000a\000t\000a}{section.3}% 15
\BOOKMARK [1][-]{section.4}{\376\377\000L\000a\000n\000g\000u\000a\000g\000e\000\040\000m\000o\000d\000e\000l\000s\000\040\000a\000n\000d\000\040\000c\000o\000n\000t\000e\000x\000t\000\040\000l\000e\000n\000g\000t\000h}{}% 16
\BOOKMARK [2][-]{subsection.4.1}{\376\377\000W\000h\000a\000t\000\040\000a\000\040\000l\000a\000n\000g\000u\000a\000g\000e\000\040\000m\000o\000d\000e\000l\000\040\000i\000s}{section.4}% 17
\BOOKMARK [2][-]{subsection.4.2}{\376\377\000W\000h\000a\000t\000\040\000a\000n\000\040\000n\000-\000g\000r\000a\000m\000\040\000i\000s}{section.4}% 18
\BOOKMARK [2][-]{subsection.4.3}{\376\377\000W\000h\000y\000\040\000h\000e\000l\000d\000-\000o\000u\000t\000\040\000d\000a\000t\000a\000\040\000a\000r\000e\000\040\000n\000e\000c\000e\000s\000s\000a\000r\000y}{section.4}% 19
\BOOKMARK [2][-]{subsection.4.4}{\376\377\000C\000o\000n\000d\000i\000t\000i\000o\000n\000a\000l\000\040\000p\000r\000e\000d\000i\000c\000t\000i\000o\000n\000\040\000a\000s\000\040\000a\000\040\000c\000o\000d\000i\000n\000g\000\040\000p\000r\000o\000b\000l\000e\000m}{section.4}% 20
\BOOKMARK [1][-]{section.5}{\376\377\000K\000n\000e\000s\000e\000r\040\023\000N\000e\000y\000\040\000s\000m\000o\000o\000t\000h\000i\000n\000g\000\040\000e\000x\000p\000l\000a\000i\000n\000e\000d\000\040\000f\000r\000o\000m\000\040\000t\000h\000e\000\040\000b\000e\000g\000i\000n\000n\000i\000n\000g}{}% 21
\BOOKMARK [2][-]{subsection.5.1}{\376\377\000T\000h\000e\000\040\000p\000r\000o\000b\000l\000e\000m\000\040\000o\000f\000\040\000r\000a\000w\000\040\000c\000o\000u\000n\000t\000s}{section.5}% 22
\BOOKMARK [2][-]{subsection.5.2}{\376\377\000D\000i\000s\000c\000o\000u\000n\000t\000i\000n\000g}{section.5}% 23
\BOOKMARK [2][-]{subsection.5.3}{\376\377\000B\000a\000c\000k\000i\000n\000g\000\040\000o\000f\000f\000\040\000a\000n\000d\000\040\000i\000n\000t\000e\000r\000p\000o\000l\000a\000t\000i\000o\000n}{section.5}% 24
\BOOKMARK [2][-]{subsection.5.4}{\376\377\000W\000h\000a\000t\000\040\000t\000h\000e\000\040\000r\000e\000c\000u\000r\000s\000i\000o\000n\000\040\000i\000s\000\040\000d\000o\000i\000n\000g}{section.5}% 25
\BOOKMARK [2][-]{subsection.5.5}{\376\377\000C\000r\000o\000s\000s\000-\000e\000n\000t\000r\000o\000p\000y\000\040\000a\000t\000\040\000e\000a\000c\000h\000\040\000c\000o\000n\000t\000e\000x\000t\000\040\000l\000e\000n\000g\000t\000h}{section.5}% 26
\BOOKMARK [1][-]{section.6}{\376\377\000F\000r\000o\000m\000\040\000p\000r\000e\000d\000i\000c\000t\000i\000v\000e\000\040\000i\000m\000p\000r\000o\000v\000e\000m\000e\000n\000t\000\040\000t\000o\000\040\000i\000n\000f\000o\000r\000m\000a\000t\000i\000o\000n\000\040\000l\000o\000c\000a\000l\000i\000t\000y}{}% 27
\BOOKMARK [2][-]{subsection.6.1}{\376\377\000T\000h\000e\000\040\000i\000n\000f\000o\000r\000m\000a\000t\000i\000o\000n\000\040\000i\000n\000c\000r\000e\000m\000e\000n\000t\000\040\000I\000t}{section.6}% 28
\BOOKMARK [2][-]{subsection.6.2}{\376\377\000W\000h\000y\000\040\000m\000o\000n\000o\000t\000o\000n\000i\000c\000\040\000c\000o\000r\000r\000e\000c\000t\000i\000o\000n\000\040\000i\000s\000\040\000u\000s\000e\000d}{section.6}% 29
\BOOKMARK [2][-]{subsection.6.3}{\376\377\000W\000h\000a\000t\000\040\000t\000h\000e\000\040\000l\000o\000c\000a\000l\000i\000t\000y\000\040\000c\000u\000r\000v\000e\000\040\000m\000e\000a\000n\000s}{section.6}% 30
\BOOKMARK [2][-]{subsection.6.4}{\376\377\000E\000x\000p\000o\000n\000e\000n\000t\000i\000a\000l\000\040\000d\000e\000c\000a\000y}{section.6}% 31
\BOOKMARK [2][-]{subsection.6.5}{\376\377\000H\000a\000l\000f\000-\000l\000i\000f\000e}{section.6}% 32
\BOOKMARK [2][-]{subsection.6.6}{\376\377\000R\0002\000\040\000f\000o\000r\000\040\000t\000h\000e\000\040\000e\000x\000p\000o\000n\000e\000n\000t\000i\000a\000l\000\040\000f\000i\000t}{section.6}% 33
\BOOKMARK [2][-]{subsection.6.7}{\376\377\000T\000h\000e\000\040\000f\000i\000n\000i\000t\000e\000\040\000p\000o\000s\000i\000t\000i\000v\000e\000-\000p\000r\000e\000f\000i\000x\000\040\000r\000u\000l\000e}{section.6}% 34
\BOOKMARK [1][-]{section.7}{\376\377\000B\000o\000o\000t\000s\000t\000r\000a\000p\000\040\000u\000n\000c\000e\000r\000t\000a\000i\000n\000t\000y\000\040\000i\000n\000\040\000b\000e\000g\000i\000n\000n\000e\000r\000\040\000l\000a\000n\000g\000u\000a\000g\000e}{}% 35
\BOOKMARK [2][-]{subsection.7.1}{\376\377\000W\000h\000a\000t\000\040\000a\000\040\000c\000o\000n\000f\000i\000d\000e\000n\000c\000e\000\040\000i\000n\000t\000e\000r\000v\000a\000l\000\040\000i\000s\000\040\000t\000r\000y\000i\000n\000g\000\040\000t\000o\000\040\000d\000o}{section.7}% 36
\BOOKMARK [2][-]{subsection.7.2}{\376\377\000R\000e\000s\000i\000d\000u\000a\000l\000s}{section.7}% 37
\BOOKMARK [2][-]{subsection.7.3}{\376\377\000W\000h\000y\000\040\000s\000o\000m\000e\000\040\000l\000a\000n\000g\000u\000a\000g\000e\000s\000\040\000h\000a\000v\000e\000\040\000s\000m\000a\000l\000l\000\040\000b\000o\000o\000t\000s\000t\000r\000a\000p\000\040\000s\000a\000m\000p\000l\000e\000\040\000s\000i\000z\000e\000s}{section.7}% 38
\BOOKMARK [1][-]{section.8}{\376\377\000T\000h\000e\000\040\000a\000l\000t\000e\000r\000n\000a\000t\000i\000v\000e\000\040\000H\000i\000l\000b\000e\000r\000g\000-\000s\000t\000y\000l\000e\000\040\000c\000o\000m\000p\000a\000r\000i\000s\000o\000n}{}% 39
\BOOKMARK [1][-]{section.9}{\376\377\000T\000h\000e\000\040\000m\000e\000m\000o\000r\000y\000-\000c\000o\000s\000t\000\040\000s\000t\000a\000t\000i\000s\000t\000i\000c}{}% 40
\BOOKMARK [2][-]{subsection.9.1}{\376\377\000W\000h\000y\000\040\000d\000e\000c\000a\000y\000\040\000r\000a\000t\000e\000\040\000a\000n\000d\000\040\000m\000e\000m\000o\000r\000y\000\040\000c\000o\000s\000t\000\040\000m\000o\000v\000e\000\040\000i\000n\000\040\000o\000p\000p\000o\000s\000i\000t\000e\000\040\000d\000i\000r\000e\000c\000t\000i\000o\000n\000s}{section.9}% 41
\BOOKMARK [1][-]{section.10}{\376\377\000M\000o\000r\000p\000h\000o\000l\000o\000g\000y\000,\000\040\000w\000o\000r\000d\000s\000,\000\040\000a\000n\000d\000\040\000c\000o\000n\000t\000r\000o\000l\000l\000e\000d\000\040\000p\000e\000r\000t\000u\000r\000b\000a\000t\000i\000o\000n\000s}{}% 42
\BOOKMARK [2][-]{subsection.10.1}{\376\377\000T\000o\000k\000e\000n\000\040\000a\000n\000d\000\040\000t\000y\000p\000e}{section.10}% 43
\BOOKMARK [2][-]{subsection.10.2}{\376\377\000W\000h\000a\000t\000\040\000t\000h\000e\000\040\000m\000o\000r\000p\000h\000o\000l\000o\000g\000y\000\040\000a\000n\000a\000l\000y\000s\000i\000s\000\040\000i\000s\000\040\000t\000r\000y\000i\000n\000g\000\040\000t\000o\000\040\000i\000s\000o\000l\000a\000t\000e}{section.10}% 44
\BOOKMARK [2][-]{subsection.10.3}{\376\377\000O\000r\000i\000g\000i\000n\000a\000l\000\040\000t\000e\000x\000t\000\040\000a\000n\000d\000\040\000t\000w\000o\000\040\000p\000e\000r\000t\000u\000r\000b\000a\000t\000i\000o\000n\000s}{section.10}% 45
\BOOKMARK [2][-]{subsection.10.4}{\376\377\000T\000h\000e\000\040\000m\000o\000r\000p\000h\000o\000l\000o\000g\000y\000\040\000i\000n\000d\000e\000x}{section.10}% 46
\BOOKMARK [2][-]{subsection.10.5}{\376\377\000W\000h\000y\000\040\000U\000D\000\040\000i\000s\000\040\000s\000e\000p\000a\000r\000a\000t\000e}{section.10}% 47
\BOOKMARK [2][-]{subsection.10.6}{\376\377\000W\000h\000y\000\040\0004\0004\000\040\000m\000o\000r\000p\000h\000o\000l\000o\000g\000y\000\040\000v\000a\000l\000u\000e\000s\000\040\000a\000r\000e\000\040\000c\000u\000r\000r\000e\000n\000t\000l\000y\000\040\000m\000i\000s\000s\000i\000n\000g}{section.10}% 48
\BOOKMARK [1][-]{section.11}{\376\377\000T\000i\000m\000e\000-\000d\000o\000m\000a\000i\000n\000\040\000l\000o\000c\000a\000l\000i\000t\000y}{}% 49
\BOOKMARK [1][-]{section.12}{\376\377\000C\000o\000r\000r\000e\000l\000a\000t\000i\000o\000n\000:\000\040\000m\000e\000a\000s\000u\000r\000i\000n\000g\000\040\000s\000i\000m\000p\000l\000e\000\040\000a\000s\000s\000o\000c\000i\000a\000t\000i\000o\000n}{}% 50
\BOOKMARK [2][-]{subsection.12.1}{\376\377\000P\000e\000a\000r\000s\000o\000n\000\040\000c\000o\000r\000r\000e\000l\000a\000t\000i\000o\000n}{section.12}% 51
\BOOKMARK [2][-]{subsection.12.2}{\376\377\000S\000p\000e\000a\000r\000m\000a\000n\000\040\000c\000o\000r\000r\000e\000l\000a\000t\000i\000o\000n}{section.12}% 52
\BOOKMARK [2][-]{subsection.12.3}{\376\377\000C\000o\000r\000r\000e\000l\000a\000t\000i\000o\000n\000\040\000i\000s\000\040\000n\000o\000t\000\040\000c\000a\000u\000s\000a\000t\000i\000o\000n}{section.12}% 53
\BOOKMARK [2][-]{subsection.12.4}{\376\377\000p\000-\000v\000a\000l\000u\000e\000s}{section.12}% 54
\BOOKMARK [1][-]{section.13}{\376\377\000R\000e\000g\000r\000e\000s\000s\000i\000o\000n\000\040\000f\000r\000o\000m\000\040\000f\000i\000r\000s\000t\000\040\000p\000r\000i\000n\000c\000i\000p\000l\000e\000s}{}% 55
\BOOKMARK [2][-]{subsection.13.1}{\376\377\000W\000h\000a\000t\000\040\000r\000e\000g\000r\000e\000s\000s\000i\000o\000n\000\040\000d\000o\000e\000s}{section.13}% 56
\BOOKMARK [2][-]{subsection.13.2}{\376\377\000W\000h\000y\000\040\000t\000h\000e\000\040\000a\000n\000a\000l\000y\000s\000i\000s\000\040\000u\000s\000e\000s\000\040}{section.13}% 57
\BOOKMARK [2][-]{subsection.13.3}{\376\377\000S\000t\000a\000n\000d\000a\000r\000d\000i\000z\000a\000t\000i\000o\000n}{section.13}% 58
\BOOKMARK [2][-]{subsection.13.4}{\376\377\000C\000a\000t\000e\000g\000o\000r\000i\000c\000a\000l\000\040\000p\000r\000e\000d\000i\000c\000t\000o\000r\000s\000\040\000a\000n\000d\000\040\000o\000n\000e\000-\000h\000o\000t\000\040\000e\000n\000c\000o\000d\000i\000n\000g}{section.13}% 59
\BOOKMARK [2][-]{subsection.13.5}{\376\377\000M\000e\000d\000i\000a\000n\000\040\000i\000m\000p\000u\000t\000a\000t\000i\000o\000n}{section.13}% 60
\BOOKMARK [2][-]{subsection.13.6}{\376\377\000I\000n\000t\000e\000r\000a\000c\000t\000i\000o\000n\000\040\000t\000e\000r\000m\000s}{section.13}% 61
\BOOKMARK [1][-]{section.14}{\376\377\000L\000e\000a\000s\000t\000\040\000s\000q\000u\000a\000r\000e\000s\000\040\000a\000n\000d\000\040\000o\000p\000t\000i\000m\000i\000z\000a\000t\000i\000o\000n\000\040\000f\000r\000o\000m\000\040\000f\000i\000r\000s\000t\000\040\000p\000r\000i\000n\000c\000i\000p\000l\000e\000s}{}% 62
\BOOKMARK [1][-]{section.15}{\376\377\000R\000i\000d\000g\000e\000\040\000r\000e\000g\000r\000e\000s\000s\000i\000o\000n\000\040\000i\000n\000\040\000d\000e\000t\000a\000i\000l}{}% 63
\BOOKMARK [2][-]{subsection.15.1}{\376\377\000R\000e\000a\000d\000i\000n\000g\000\040\000t\000h\000e\000\040\000o\000b\000j\000e\000c\000t\000i\000v\000e\000\040\000f\000u\000n\000c\000t\000i\000o\000n}{section.15}% 64
\BOOKMARK [2][-]{subsection.15.2}{\376\377\000W\000h\000y\000\040\000u\000s\000e\000\040\000a\000\040\000p\000e\000n\000a\000l\000t\000y\000?}{section.15}% 65
\BOOKMARK [2][-]{subsection.15.3}{\376\377\000S\000e\000n\000s\000i\000t\000i\000v\000i\000t\000y\000\040\000m\000o\000d\000e\000l\000s\000:\000\040\000B\000a\000y\000e\000s\000i\000a\000n\000\040\000R\000i\000d\000g\000e\000\040\000a\000n\000d\000\040\000E\000l\000a\000s\000t\000i\000c\000\040\000N\000e\000t}{section.15}% 66
\BOOKMARK [1][-]{section.16}{\376\377\000C\000r\000o\000s\000s\000-\000v\000a\000l\000i\000d\000a\000t\000i\000o\000n\000\040\000a\000n\000d\000\040\000t\000h\000e\000\040\000L\000O\000C\000O\000\040\000d\000e\000s\000i\000g\000n}{}% 67
\BOOKMARK [2][-]{subsection.16.1}{\376\377\000W\000h\000a\000t\000\040\000c\000r\000o\000s\000s\000-\000v\000a\000l\000i\000d\000a\000t\000i\000o\000n\000\040\000i\000s}{section.16}% 68
\BOOKMARK [2][-]{subsection.16.2}{\376\377\000W\000h\000y\000\040\000l\000a\000n\000g\000u\000a\000g\000e\000s\000\040\000a\000r\000e\000\040\000l\000e\000f\000t\000\040\000o\000u\000t\000\040\000o\000n\000e\000\040\000a\000t\000\040\000a\000\040\000t\000i\000m\000e}{section.16}% 69
\BOOKMARK [2][-]{subsection.16.3}{\376\377\000R\000e\000s\000i\000d\000u\000a\000l\000\040\000a\000n\000d\000\040\000p\000r\000e\000d\000i\000c\000t\000i\000o\000n\000\040\000m\000e\000t\000r\000i\000c\000s}{section.16}% 70
\BOOKMARK [2][-]{subsection.16.4}{\376\377\000W\000h\000y\000\040\000p\000r\000e\000p\000r\000o\000c\000e\000s\000s\000i\000n\000g\000\040\000m\000u\000s\000t\000\040\000o\000c\000c\000u\000r\000\040\000i\000n\000s\000i\000d\000e\000\040\000e\000a\000c\000h\000\040\000f\000o\000l\000d}{section.16}% 71
\BOOKMARK [1][-]{section.17}{\376\377\000M\000o\000d\000e\000l\000\040\000a\000s\000s\000u\000m\000p\000t\000i\000o\000n\000s\000:\000\040\000w\000h\000a\000t\000\040\000i\000s\000\040\000a\000n\000d\000\040\000i\000s\000\040\000n\000o\000t\000\040\000b\000e\000i\000n\000g\000\040\000a\000s\000s\000u\000m\000e\000d}{}% 72
\BOOKMARK [2][-]{subsection.17.1}{\376\377\000F\000o\000r\000\040\000t\000h\000e\000\040\000l\000o\000c\000a\000l\000i\000t\000y\000\040\000e\000s\000t\000i\000m\000a\000t\000o\000r}{section.17}% 73
\BOOKMARK [2][-]{subsection.17.2}{\376\377\000F\000o\000r\000\040\000t\000h\000e\000\040\000e\000x\000p\000o\000n\000e\000n\000t\000i\000a\000l\000\040\000d\000e\000c\000a\000y\000\040\000s\000u\000m\000m\000a\000r\000y}{section.17}% 74
\BOOKMARK [2][-]{subsection.17.3}{\376\377\000F\000o\000r\000\040\000t\000h\000e\000\040\000b\000o\000o\000t\000s\000t\000r\000a\000p}{section.17}% 75
\BOOKMARK [2][-]{subsection.17.4}{\376\377\000F\000o\000r\000\040\000c\000r\000o\000s\000s\000-\000l\000a\000n\000g\000u\000a\000g\000e\000\040\000r\000e\000g\000r\000e\000s\000s\000i\000o\000n}{section.17}% 76
\BOOKMARK [1][-]{section.18}{\376\377\000A\000\040\000c\000o\000m\000p\000a\000c\000t\000\040\000g\000l\000o\000s\000s\000a\000r\000y\000\040\000f\000o\000r\000\040\000e\000v\000e\000r\000y\000\040\000r\000e\000c\000u\000r\000r\000i\000n\000g\000\040\000t\000e\000c\000h\000n\000i\000c\000a\000l\000\040\000t\000e\000r\000m}{}% 77
\BOOKMARK [1][-]{section.19}{\376\377\000E\000x\000e\000c\000u\000t\000i\000v\000e\000\040\000s\000u\000m\000m\000a\000r\000y}{}% 78
\BOOKMARK [1][-]{section.20}{\376\377\000M\000o\000t\000i\000v\000a\000t\000i\000o\000n}{}% 79
\BOOKMARK [1][-]{section.21}{\376\377\000R\000e\000s\000e\000a\000r\000c\000h\000\040\000q\000u\000e\000s\000t\000i\000o\000n\000s}{}% 80
\BOOKMARK [1][-]{section.22}{\376\377\000D\000a\000t\000a\000\040\000a\000n\000d\000\040\000s\000o\000u\000r\000c\000e\000s}{}% 81
\BOOKMARK [2][-]{subsection.22.1}{\376\377\000F\000L\000E\000U\000R\000S\000\040\000s\000p\000e\000e\000c\000h\000\040\000a\000n\000d\000\040\000t\000r\000a\000n\000s\000c\000r\000i\000p\000t\000\040\000d\000a\000t\000a}{section.22}% 82
\BOOKMARK [2][-]{subsection.22.2}{\376\377\000U\000n\000i\000v\000e\000r\000s\000a\000l\000\040\000D\000e\000p\000e\000n\000d\000e\000n\000c\000i\000e\000s}{section.22}% 83
\BOOKMARK [2][-]{subsection.22.3}{\376\377\000L\000a\000n\000g\000u\000a\000g\000e\000\040\000s\000a\000m\000p\000l\000e}{section.22}% 84
\BOOKMARK [2][-]{subsection.22.4}{\376\377\000W\000h\000y\000\040\000a\000r\000e\000\040\0004\0004\000\040\000m\000o\000r\000p\000h\000o\000l\000o\000g\000y\000\040\000v\000a\000l\000u\000e\000s\000\040\000m\000i\000s\000s\000i\000n\000g\000?}{section.22}% 85
\BOOKMARK [1][-]{section.23}{\376\377\000D\000a\000t\000a\000\040\000p\000r\000o\000c\000e\000s\000s\000i\000n\000g}{}% 86
\BOOKMARK [2][-]{subsection.23.1}{\376\377\000T\000e\000x\000t\000\040\000n\000o\000r\000m\000a\000l\000i\000z\000a\000t\000i\000o\000n}{section.23}% 87
\BOOKMARK [2][-]{subsection.23.2}{\376\377\000H\000e\000l\000d\000-\000o\000u\000t\000\040\000s\000p\000l\000i\000t}{section.23}% 88
\BOOKMARK [2][-]{subsection.23.3}{\376\377\000K\000n\000e\000s\000e\000r\040\023\000N\000e\000y\000\040\000e\000s\000t\000i\000m\000a\000t\000i\000o\000n}{section.23}% 89
\BOOKMARK [2][-]{subsection.23.4}{\376\377\000P\000o\000s\000i\000t\000i\000v\000e\000-\000p\000r\000e\000f\000i\000x\000\040\000a\000n\000d\000\040\000e\000x\000p\000o\000n\000e\000n\000t\000i\000a\000l\000\040\000f\000i\000t}{section.23}% 90
\BOOKMARK [1][-]{section.24}{\376\377\000I\000n\000f\000o\000r\000m\000a\000t\000i\000o\000n\000-\000t\000h\000e\000o\000r\000e\000t\000i\000c\000\040\000f\000o\000u\000n\000d\000a\000t\000i\000o\000n\000s}{}% 91
\BOOKMARK [1][-]{section.25}{\376\377\000H\000o\000w\000\040\000t\000h\000e\000\040\000m\000a\000i\000n\000\040\000f\000o\000r\000m\000u\000l\000a\000s\000\040\000c\000o\000n\000n\000e\000c\000t}{}% 92
\BOOKMARK [1][-]{section.26}{\376\377\000T\000e\000m\000p\000o\000r\000a\000l\000\040\000c\000a\000l\000i\000b\000r\000a\000t\000i\000o\000n}{}% 93
\BOOKMARK [1][-]{section.27}{\376\377\000G\000l\000o\000b\000a\000l\000\040\000l\000o\000c\000a\000l\000i\000t\000y\000\040\000r\000e\000s\000u\000l\000t\000s}{}% 94
\BOOKMARK [1][-]{section.28}{\376\377\000M\000e\000m\000o\000r\000y\000\040\000c\000o\000s\000t}{}% 95
\BOOKMARK [1][-]{section.29}{\376\377\000A\000n\000a\000l\000y\000t\000i\000c\040\023\000s\000y\000n\000t\000h\000e\000t\000i\000c\000\040\000i\000n\000f\000o\000r\000m\000a\000t\000i\000o\000n\000\040\000d\000e\000c\000o\000m\000p\000o\000s\000i\000t\000i\000o\000n}{}% 96
\BOOKMARK [2][-]{subsection.29.1}{\376\377\000H\000o\000w\000\040\000e\000n\000t\000r\000o\000p\000y\000\040\000i\000s\000\040\000e\000s\000t\000i\000m\000a\000t\000e\000d\000\040\000f\000o\000r\000\040\000t\000h\000e\000\040\000m\000o\000r\000p\000h\000o\000l\000o\000g\000y\000\040\000c\000a\000l\000c\000u\000l\000a\000t\000i\000o\000n}{section.29}% 97
\BOOKMARK [2][-]{subsection.29.2}{\376\377\000O\000p\000e\000r\000a\000t\000i\000o\000n\000a\000l\000\040\000c\000o\000n\000s\000t\000r\000u\000c\000t\000i\000o\000n}{section.29}% 98
\BOOKMARK [2][-]{subsection.29.3}{\376\377\000M\000o\000r\000p\000h\000o\000l\000o\000g\000y\000\040\000a\000n\000d\000\040\000l\000o\000c\000a\000l\000i\000t\000y}{section.29}% 99
\BOOKMARK [2][-]{subsection.29.4}{\376\377\000A\000l\000l\000-\000l\000a\000n\000g\000u\000a\000g\000e\000\040\000f\000a\000m\000i\000l\000y\000-\000c\000o\000d\000e\000d\000\040\000l\000o\000c\000a\000l\000i\000t\000y\000\040\000v\000i\000e\000w\000s}{section.29}% 100
\BOOKMARK [1][-]{section.30}{\376\377\000O\000t\000h\000e\000r\000\040\000s\000t\000r\000u\000c\000t\000u\000r\000a\000l\000\040\000a\000n\000d\000\040\000l\000e\000x\000i\000c\000a\000l\000\040\000d\000i\000a\000g\000n\000o\000s\000t\000i\000c\000s}{}% 101
\BOOKMARK [1][-]{section.31}{\376\377\000C\000r\000o\000s\000s\000-\000l\000a\000n\000g\000u\000a\000g\000e\000\040\000s\000t\000a\000t\000i\000s\000t\000i\000c\000a\000l\000\040\000m\000o\000d\000e\000l}{}% 102
\BOOKMARK [2][-]{subsection.31.1}{\376\377\000O\000u\000t\000c\000o\000m\000e\000\040\000t\000r\000a\000n\000s\000f\000o\000r\000m\000a\000t\000i\000o\000n}{section.31}% 103
\BOOKMARK [2][-]{subsection.31.2}{\376\377\000D\000e\000s\000i\000g\000n\000\040\000m\000a\000t\000r\000i\000x}{section.31}% 104
\BOOKMARK [2][-]{subsection.31.3}{\376\377\000R\000i\000d\000g\000e\000\040\000r\000e\000g\000r\000e\000s\000s\000i\000o\000n}{section.31}% 105
\BOOKMARK [2][-]{subsection.31.4}{\376\377\000L\000O\000C\000O\000-\000C\000V}{section.31}% 106
\BOOKMARK [1][-]{section.32}{\376\377\000S\000t\000a\000t\000i\000s\000t\000i\000c\000a\000l\000\040\000a\000s\000s\000u\000m\000p\000t\000i\000o\000n\000s}{}% 107
\BOOKMARK [1][-]{section.33}{\376\377\000R\000e\000s\000u\000l\000t\000s\000\040\000a\000n\000d\000\040\000i\000n\000t\000e\000r\000p\000r\000e\000t\000a\000t\000i\000o\000n}{}% 108
\BOOKMARK [2][-]{subsection.33.1}{\376\377\000D\000i\000s\000t\000r\000i\000b\000u\000t\000i\000o\000n\000\040\000o\000f\000\040\000l\000o\000c\000a\000l\000i\000t\000y\000\040\000d\000e\000c\000a\000y}{section.33}% 109
\BOOKMARK [2][-]{subsection.33.2}{\376\377\000E\000x\000p\000o\000n\000e\000n\000t\000i\000a\000l\000\040\000f\000i\000t\000\040\000q\000u\000a\000l\000i\000t\000y}{section.33}% 110
\BOOKMARK [2][-]{subsection.33.3}{\376\377\000H\000i\000l\000b\000e\000r\000g\000\040\000c\000o\000m\000p\000a\000r\000i\000s\000o\000n}{section.33}% 111
\BOOKMARK [2][-]{subsection.33.4}{\376\377\000R\000e\000g\000r\000e\000s\000s\000i\000o\000n\000\040\000c\000o\000e\000f\000f\000i\000c\000i\000e\000n\000t\000s}{section.33}% 112
\BOOKMARK [1][-]{section.34}{\376\377\000R\000e\000s\000i\000d\000u\000a\000l\000\040\000d\000i\000a\000g\000n\000o\000s\000t\000i\000c\000s\000\040\000a\000n\000d\000\040\000s\000t\000r\000u\000c\000t\000u\000r\000a\000l\000\040\000c\000o\000v\000e\000r\000a\000g\000e}{}% 113
\BOOKMARK [1][-]{section.35}{\376\377\000L\000i\000m\000i\000t\000a\000t\000i\000o\000n\000s}{}% 114
\BOOKMARK [2][-]{subsection.35.1}{\376\377\000S\000a\000m\000p\000l\000i\000n\000g\000\040\000a\000n\000d\000\040\000r\000e\000p\000r\000e\000s\000e\000n\000t\000a\000t\000i\000v\000e\000n\000e\000s\000s}{section.35}% 115
\BOOKMARK [2][-]{subsection.35.2}{\376\377\000G\000e\000n\000e\000a\000l\000o\000g\000i\000c\000a\000l\000\040\000a\000n\000d\000\040\000a\000r\000e\000a\000l\000\040\000d\000e\000p\000e\000n\000d\000e\000n\000c\000e}{section.35}% 116
\BOOKMARK [2][-]{subsection.35.3}{\376\377\000C\000o\000r\000p\000u\000s\000\040\000c\000o\000m\000p\000a\000r\000a\000b\000i\000l\000i\000t\000y}{section.35}% 117
\BOOKMARK [2][-]{subsection.35.4}{\376\377\000T\000o\000k\000e\000n\000i\000z\000e\000r\000\040\000a\000n\000d\000\040\000o\000r\000t\000h\000o\000g\000r\000a\000p\000h\000y\000\040\000d\000e\000p\000e\000n\000d\000e\000n\000c\000e}{section.35}% 118
\BOOKMARK [2][-]{subsection.35.5}{\376\377\000F\000i\000n\000i\000t\000e\000-\000s\000a\000m\000p\000l\000e\000\040\000e\000s\000t\000i\000m\000a\000t\000i\000o\000n}{section.35}% 119
\BOOKMARK [2][-]{subsection.35.6}{\376\377\000S\000p\000e\000e\000c\000h\000-\000t\000i\000m\000e\000\040\000m\000e\000a\000s\000u\000r\000e\000m\000e\000n\000t}{section.35}% 120
\BOOKMARK [2][-]{subsection.35.7}{\376\377\000M\000o\000r\000p\000h\000o\000l\000o\000g\000y\000\040\000p\000r\000o\000x\000y\000\040\000v\000e\000r\000s\000u\000s\000\040\000l\000i\000n\000g\000u\000i\000s\000t\000i\000c\000\040\000m\000o\000r\000p\000h\000o\000l\000o\000g\000y}{section.35}% 121
\BOOKMARK [2][-]{subsection.35.8}{\376\377\000U\000D\000\040\000c\000o\000v\000e\000r\000a\000g\000e\000\040\000a\000n\000d\000\040\000t\000h\000e\000\040\000c\000u\000r\000r\000e\000n\000t\000\040\000m\000o\000r\000p\000h\000o\000l\000o\000g\000y\000\040\000N\000A\000\040\000p\000a\000t\000t\000e\000r\000n}{section.35}% 122
\BOOKMARK [2][-]{subsection.35.9}{\376\377\000R\000e\000g\000r\000e\000s\000s\000i\000o\000n\000\040\000m\000i\000s\000s\000p\000e\000c\000i\000f\000i\000c\000a\000t\000i\000o\000n}{section.35}% 123
\BOOKMARK [2][-]{subsection.35.10}{\376\377\000N\000o\000\040\000f\000o\000r\000m\000a\000l\000\040\000c\000a\000u\000s\000a\000l\000\040\000i\000n\000f\000e\000r\000e\000n\000c\000e}{section.35}% 124
\BOOKMARK [1][-]{section.36}{\376\377\000C\000o\000n\000c\000l\000u\000s\000i\000o\000n\000s}{}% 125
\BOOKMARK [1][-]{section.37}{\376\377\000F\000u\000t\000u\000r\000e\000\040\000w\000o\000r\000k}{}% 126
\BOOKMARK [1][-]{appendix.A}{\376\377\000T\000h\000e\000\040\0004\0004\000\040\000m\000o\000r\000p\000h\000o\000l\000o\000g\000y\000-\000N\000A\000\040\000l\000a\000n\000g\000u\000a\000g\000e\000s}{}% 127
\BOOKMARK [1][-]{appendix.B}{\376\377\000C\000o\000m\000p\000l\000e\000t\000e\000\040\0001\0000\0002\000-\000l\000a\000n\000g\000u\000a\000g\000e\000\040\000s\000u\000m\000m\000a\000r\000y}{}% 128
\BOOKMARK [1][-]{appendix.C}{\376\377\000C\000o\000m\000p\000l\000e\000t\000e\000\040\000R\000i\000d\000g\000e\000\040\000c\000o\000e\000f\000f\000i\000c\000i\000e\000n\000t\000\040\000t\000a\000b\000l\000e\000s}{}% 129
\BOOKMARK [1][-]{appendix.D}{\376\377\000M\000a\000t\000h\000e\000m\000a\000t\000i\000c\000a\000l\000\040\000d\000e\000f\000i\000n\000i\000t\000i\000o\000n\000s\000\040\000a\000t\000\040\000a\000\040\000g\000l\000a\000n\000c\000e}{}% 130
